22:14:15 **** Incremental Build of configuration Debug for project 004HSI_Measurement ****
make -j8 all 
arm-none-eabi-gcc "../Src/main.c" -mcpu=cortex-m4 -std=gnu11 -g3 -DDEBUG -DSTM32 -DSTM32F407G_DISC1 -DSTM32F4 -DSTM32F407VGTx -c -I../Inc -O0 -ffunction-sections -fdata-sections -Wall -fstack-usage -fcyclomatic-complexity -MMD -MP -MF"Src/main.d" -MT"Src/main.o" --specs=nano.specs -mfloat-abi=soft -mthumb -o "Src/main.o"
arm-none-eabi-gcc -o "004HSI_Measurement.elf" @"objects.list"   -mcpu=cortex-m4 -T"D:\Workspace\STM32_DriverDevelopment\MCU1\004HSI_Measurement\STM32F407VGTX_FLASH.ld" --specs=nosys.specs -Wl,-Map="004HSI_Measurement.map" -Wl,--gc-sections -static --specs=nano.specs -mfloat-abi=soft -mthumb -Wl,--start-group -lc -lm -Wl,--end-group
Finished building target: 004HSI_Measurement.elf
 
arm-none-eabi-size   004HSI_Measurement.elf 
arm-none-eabi-objdump -h -S  004HSI_Measurement.elf  > "004HSI_Measurement.list"
   text	   data	    bss	    dec	    hex	filename
    792	      8	   1568	   2368	    940	004HSI_Measurement.elf
Finished building: default.size.stdout
 
Finished building: 004HSI_Measurement.list
 

22:14:20 Build Finished. 0 errors, 0 warnings. (took 4s.657ms)

